// Jest Snapshot v1, https://jestjs.io/docs/snapshot-testing

exports[`Pruebas en <FirstApp/> debe de hacer match con el snapshot 1`] = `
<div>
  <h1
    data-testid="test-title"
  >
    Hola soy JuanMa
  </h1>
  <p>
    No hay subtitulo
  </p>
  <p>
    JuanMa
  </p>
</div>
`;
