// Jest Snapshot v1, https://jestjs.io/docs/snapshot-testing

exports[`Pruebas en <GifExpertApp/> debe de hacer match con el snapshot 1`] = `
<div>
  <h1>
    GifExpertApp
  </h1>
  <form
    aria-label="form"
  >
    <input
      placeholder="Buscar gifs"
      type="text"
      value=""
    />
  </form>
  <ol>
    <h3>
      One Piece
    </h3>
    <h2>
      Cargando...
    </h2>
    <div
      class="card-grid"
    />
  </ol>
</div>
`;
